PsiJetFileStubImpl[package=]
  PACKAGE_DIRECTIVE
  IMPORT_LIST
  PROPERTY[fqName=p, hasDelegate=true, hasDelegateExpression=true, hasInitializer=false, hasReturnTypeRef=false, isExtension=false, isFullyLocal=false, isTopLevel=true, isVar=false, name=p]
    OBJECT_DECLARATION[classId=null, fqName=null, isCompanion=false, isFullyLocal=true, isLocal=true, isObjectLiteral=true, isTopLevel=false, name=null, superNames=[]]
      CLASS_BODY
        FUN[fqName=null, hasBlockBody=true, hasBody=true, hasTypeParameterListBeforeFunctionName=false, isExtension=false, isFullyLocal=true, isTopLevel=false, mayHaveContract=false, name=f]
          VALUE_PARAMETER_LIST
        PROPERTY[fqName=null, hasDelegate=false, hasDelegateExpression=false, hasInitializer=true, hasReturnTypeRef=true, isExtension=false, isFullyLocal=true, isTopLevel=false, isVar=false, name=p]
          TYPE_REFERENCE
            USER_TYPE
              REFERENCE_EXPRESSION[referencedName=Int]
