PsiJetFileStubImpl[package=]
  PACKAGE_DIRECTIVE
  IMPORT_LIST
  PROPERTY[fqName=c, hasDelegate=false, hasDelegateExpression=false, hasInitializer=true, hasReturnTypeRef=false, isExtension=false, isFullyLocal=false, isTopLevel=true, isVar=false, name=c]
