PsiJetFileStubImpl[package=]
  PACKAGE_DIRECTIVE
  IMPORT_LIST
  CLASS[classId=/Test, fqName=Test, isEnumEntry=false, isFullyLocal=false, isInterface=false, isLocal=false, isTopLevel=true, name=Test, superNames=[]]
    MODIFIER_LIST[enum]
    CLASS_BODY
      ENUM_ENTRY[classId=null, fqName=Test.First, isEnumEntry=true, isFullyLocal=false, isInterface=false, isLocal=false, isTopLevel=false, name=First, superNames=[]]
      ENUM_ENTRY[classId=null, fqName=Test.Second, isEnumEntry=true, isFullyLocal=false, isInterface=false, isLocal=false, isTopLevel=false, name=Second, superNames=[]]
